#-----------------------------------------------------------
# Vivado v2024.1 (64-bit)
# SW Build 5076996 on Wed May 22 18:37:14 MDT 2024
# IP Build 5075265 on Wed May 22 21:45:21 MDT 2024
# SharedData Build 5076995 on Wed May 22 18:29:18 MDT 2024
# Start of session at: Wed Jul  3 16:51:05 2024
# Process ID: 16632
# Current directory: D:/Project/verilog/electronic_system_design/second_design/design2/design2.runs/impl_1
# Command line: vivado.exe -log top.vdi -applog -product Vivado -messageDb vivado.pb -mode batch -source top.tcl -notrace
# Log file: D:/Project/verilog/electronic_system_design/second_design/design2/design2.runs/impl_1/top.vdi
# Journal file: D:/Project/verilog/electronic_system_design/second_design/design2/design2.runs/impl_1\vivado.jou
# Running On        :DESKTOP-BDOFUKB
# Platform          :Windows Server 2016 or Windows 10
# Operating System  :22631
# Processor Detail  :AMD Ryzen 7 6800HS Creator Edition
# CPU Frequency     :3194 MHz
# CPU Physical cores:8
# CPU Logical cores :16
# Host memory       :12554 MB
# Swap memory       :7784 MB
# Total Virtual     :20339 MB
# Available Virtual :7355 MB
#-----------------------------------------------------------
source top.tcl -notrace
